
> react-vite-ts@0.0.0 dev
> concurrently "npm:dev:api" "npm:dev:web"

[dev:api]
[dev:api] > react-vite-ts@0.0.0 dev:api
[dev:api] > json-server --watch db.json --routes routes.json --middlewares ./node_modules/json-server-auth --port 3333
[dev:api]
[dev:web]
[dev:web] > react-vite-ts@0.0.0 dev:web
[dev:web] > vite
[dev:web]
[dev:api] Unknown option '--routes'
[dev:api] Usage: json-server [options] <file>
[dev:api]
[dev:api] Options:
[dev:api]   -p, --port <port>  Port (default: 3000)
[dev:api]   -h, --host <host>  Host (default: localhost)
[dev:api]   -s, --static <dir> Static files directory (multiple allowed)
[dev:api]   --help             Show this message
[dev:api]   --version          Show version number
[dev:api]
[dev:api] npm run dev:api exited with code 1
[dev:web] Port 5173 is in use, trying another one...
[dev:web]
[dev:web]   VITE v6.4.1  ready in 491 ms
[dev:web]
[dev:web]   ➜  Local:   http://localhost:5174/
[dev:web]   ➜  Network: use --host to expose
